
Running 4 tests using 4 workers

  Ô£ÿ  1 [chromium] ÔÇ║ tests\quality.spec.ts:54:13 ÔÇ║ Quality Audit Tests ÔÇ║ Functional Audit - Certifica├º├úo (6ms)
  Ô£ÿ  2 [chromium] ÔÇ║ tests\quality.spec.ts:12:13 ÔÇ║ Quality Audit Tests ÔÇ║ SEO and Accessibility Audit - Certifica├º├úo (4ms)
  Ô£ÿ  3 [chromium] ÔÇ║ tests\quality.spec.ts:12:13 ÔÇ║ Quality Audit Tests ÔÇ║ SEO and Accessibility Audit - Site (3ms)
  Ô£ÿ  4 [chromium] ÔÇ║ tests\quality.spec.ts:54:13 ÔÇ║ Quality Audit Tests ÔÇ║ Functional Audit - Site (2ms)


  1) [chromium] ÔÇ║ tests\quality.spec.ts:12:13 ÔÇ║ Quality Audit Tests ÔÇ║ SEO and Accessibility Audit - Certifica├º├úo 

    Error: browserType.launch: Executable doesn't exist at C:\Users\allan\AppData\Local\ms-playwright\chromium_headless_shell-1208\chrome-headless-shell-win64\chrome-headless-shell.exe
    ÔòöÔòÉÔòÉÔòÉÔòÉÔòÉÔòÉÔòÉÔòÉÔòÉÔòÉÔòÉÔòÉÔòÉÔòÉÔòÉÔòÉÔòÉÔòÉÔòÉÔòÉÔòÉÔòÉÔòÉÔòÉÔòÉÔòÉÔòÉÔòÉÔòÉÔòÉÔòÉÔòÉÔòÉÔòÉÔòÉÔòÉÔòÉÔòÉÔòÉÔòÉÔòÉÔòÉÔòÉÔòÉÔòÉÔòÉÔòÉÔòÉÔòÉÔòÉÔòÉÔòÉÔòÉÔòÉÔòÉÔòÉÔòÉÔòÉÔòÉÔòÉÔòÉÔòÉÔòÉÔòÉÔòÉÔòÉÔòÉÔòÉÔòÉÔòÉÔòÉÔòÉÔòÉÔòù
    Ôòæ Looks like Playwright Test or Playwright was just installed or updated. Ôòæ
    Ôòæ Please run the following command to download new browsers:              Ôòæ
    Ôòæ                                                                         Ôòæ
    Ôòæ     npx playwright install                                              Ôòæ
    Ôòæ                                                                         Ôòæ
    Ôòæ <3 Playwright Team                                                      Ôòæ
    ÔòÜÔòÉÔòÉÔòÉÔòÉÔòÉÔòÉÔòÉÔòÉÔòÉÔòÉÔòÉÔòÉÔòÉÔòÉÔòÉÔòÉÔòÉÔòÉÔòÉÔòÉÔòÉÔòÉÔòÉÔòÉÔòÉÔòÉÔòÉÔòÉÔòÉÔòÉÔòÉÔòÉÔòÉÔòÉÔòÉÔòÉÔòÉÔòÉÔòÉÔòÉÔòÉÔòÉÔòÉÔòÉÔòÉÔòÉÔòÉÔòÉÔòÉÔòÉÔòÉÔòÉÔòÉÔòÉÔòÉÔòÉÔòÉÔòÉÔòÉÔòÉÔòÉÔòÉÔòÉÔòÉÔòÉÔòÉÔòÉÔòÉÔòÉÔòÉÔòÉÔòÉÔòÉÔòØ

  2) [chromium] ÔÇ║ tests\quality.spec.ts:54:13 ÔÇ║ Quality Audit Tests ÔÇ║ Functional Audit - Certifica├º├úo 

    Error: browserType.launch: Executable doesn't exist at C:\Users\allan\AppData\Local\ms-playwright\chromium_headless_shell-1208\chrome-headless-shell-win64\chrome-headless-shell.exe
    ÔòöÔòÉÔòÉÔòÉÔòÉÔòÉÔòÉÔòÉÔòÉÔòÉÔòÉÔòÉÔòÉÔòÉÔòÉÔòÉÔòÉÔòÉÔòÉÔòÉÔòÉÔòÉÔòÉÔòÉÔòÉÔòÉÔòÉÔòÉÔòÉÔòÉÔòÉÔòÉÔòÉÔòÉÔòÉÔòÉÔòÉÔòÉÔòÉÔòÉÔòÉÔòÉÔòÉÔòÉÔòÉÔòÉÔòÉÔòÉÔòÉÔòÉÔòÉÔòÉÔòÉÔòÉÔòÉÔòÉÔòÉÔòÉÔòÉÔòÉÔòÉÔòÉÔòÉÔòÉÔòÉÔòÉÔòÉÔòÉÔòÉÔòÉÔòÉÔòÉÔòÉÔòÉÔòù
    Ôòæ Looks like Playwright Test or Playwright was just installed or updated. Ôòæ
    Ôòæ Please run the following command to download new browsers:              Ôòæ
    Ôòæ                                                                         Ôòæ
    Ôòæ     npx playwright install                                              Ôòæ
    Ôòæ                                                                         Ôòæ
    Ôòæ <3 Playwright Team                                                      Ôòæ
    ÔòÜÔòÉÔòÉÔòÉÔòÉÔòÉÔòÉÔòÉÔòÉÔòÉÔòÉÔòÉÔòÉÔòÉÔòÉÔòÉÔòÉÔòÉÔòÉÔòÉÔòÉÔòÉÔòÉÔòÉÔòÉÔòÉÔòÉÔòÉÔòÉÔòÉÔòÉÔòÉÔòÉÔòÉÔòÉÔòÉÔòÉÔòÉÔòÉÔòÉÔòÉÔòÉÔòÉÔòÉÔòÉÔòÉÔòÉÔòÉÔòÉÔòÉÔòÉÔòÉÔòÉÔòÉÔòÉÔòÉÔòÉÔòÉÔòÉÔòÉÔòÉÔòÉÔòÉÔòÉÔòÉÔòÉÔòÉÔòÉÔòÉÔòÉÔòÉÔòÉÔòÉÔòÉÔòØ

  3) [chromium] ÔÇ║ tests\quality.spec.ts:12:13 ÔÇ║ Quality Audit Tests ÔÇ║ SEO and Accessibility Audit - Site 

    Error: browserType.launch: Executable doesn't exist at C:\Users\allan\AppData\Local\ms-playwright\chromium_headless_shell-1208\chrome-headless-shell-win64\chrome-headless-shell.exe
    ÔòöÔòÉÔòÉÔòÉÔòÉÔòÉÔòÉÔòÉÔòÉÔòÉÔòÉÔòÉÔòÉÔòÉÔòÉÔòÉÔòÉÔòÉÔòÉÔòÉÔòÉÔòÉÔòÉÔòÉÔòÉÔòÉÔòÉÔòÉÔòÉÔòÉÔòÉÔòÉÔòÉÔòÉÔòÉÔòÉÔòÉÔòÉÔòÉÔòÉÔòÉÔòÉÔòÉÔòÉÔòÉÔòÉÔòÉÔòÉÔòÉÔòÉÔòÉÔòÉÔòÉÔòÉÔòÉÔòÉÔòÉÔòÉÔòÉÔòÉÔòÉÔòÉÔòÉÔòÉÔòÉÔòÉÔòÉÔòÉÔòÉÔòÉÔòÉÔòÉÔòÉÔòÉÔòù
    Ôòæ Looks like Playwright Test or Playwright was just installed or updated. Ôòæ
    Ôòæ Please run the following command to download new browsers:              Ôòæ
    Ôòæ                                                                         Ôòæ
    Ôòæ     npx playwright install                                              Ôòæ
    Ôòæ                                                                         Ôòæ
    Ôòæ <3 Playwright Team                                                      Ôòæ
    ÔòÜÔòÉÔòÉÔòÉÔòÉÔòÉÔòÉÔòÉÔòÉÔòÉÔòÉÔòÉÔòÉÔòÉÔòÉÔòÉÔòÉÔòÉÔòÉÔòÉÔòÉÔòÉÔòÉÔòÉÔòÉÔòÉÔòÉÔòÉÔòÉÔòÉÔòÉÔòÉÔòÉÔòÉÔòÉÔòÉÔòÉÔòÉÔòÉÔòÉÔòÉÔòÉÔòÉÔòÉÔòÉÔòÉÔòÉÔòÉÔòÉÔòÉÔòÉÔòÉÔòÉÔòÉÔòÉÔòÉÔòÉÔòÉÔòÉÔòÉÔòÉÔòÉÔòÉÔòÉÔòÉÔòÉÔòÉÔòÉÔòÉÔòÉÔòÉÔòÉÔòÉÔòÉÔòØ

  4) [chromium] ÔÇ║ tests\quality.spec.ts:54:13 ÔÇ║ Quality Audit Tests ÔÇ║ Functional Audit - Site ÔöÇÔöÇÔöÇÔöÇÔöÇÔöÇ

    Error: browserType.launch: Executable doesn't exist at C:\Users\allan\AppData\Local\ms-playwright\chromium_headless_shell-1208\chrome-headless-shell-win64\chrome-headless-shell.exe
    ÔòöÔòÉÔòÉÔòÉÔòÉÔòÉÔòÉÔòÉÔòÉÔòÉÔòÉÔòÉÔòÉÔòÉÔòÉÔòÉÔòÉÔòÉÔòÉÔòÉÔòÉÔòÉÔòÉÔòÉÔòÉÔòÉÔòÉÔòÉÔòÉÔòÉÔòÉÔòÉÔòÉÔòÉÔòÉÔòÉÔòÉÔòÉÔòÉÔòÉÔòÉÔòÉÔòÉÔòÉÔòÉÔòÉÔòÉÔòÉÔòÉÔòÉÔòÉÔòÉÔòÉÔòÉÔòÉÔòÉÔòÉÔòÉÔòÉÔòÉÔòÉÔòÉÔòÉÔòÉÔòÉÔòÉÔòÉÔòÉÔòÉÔòÉÔòÉÔòÉÔòÉÔòÉÔòù
    Ôòæ Looks like Playwright Test or Playwright was just installed or updated. Ôòæ
    Ôòæ Please run the following command to download new browsers:              Ôòæ
    Ôòæ                                                                         Ôòæ
    Ôòæ     npx playwright install                                              Ôòæ
    Ôòæ                                                                         Ôòæ
    Ôòæ <3 Playwright Team                                                      Ôòæ
    ÔòÜÔòÉÔòÉÔòÉÔòÉÔòÉÔòÉÔòÉÔòÉÔòÉÔòÉÔòÉÔòÉÔòÉÔòÉÔòÉÔòÉÔòÉÔòÉÔòÉÔòÉÔòÉÔòÉÔòÉÔòÉÔòÉÔòÉÔòÉÔòÉÔòÉÔòÉÔòÉÔòÉÔòÉÔòÉÔòÉÔòÉÔòÉÔòÉÔòÉÔòÉÔòÉÔòÉÔòÉÔòÉÔòÉÔòÉÔòÉÔòÉÔòÉÔòÉÔòÉÔòÉÔòÉÔòÉÔòÉÔòÉÔòÉÔòÉÔòÉÔòÉÔòÉÔòÉÔòÉÔòÉÔòÉÔòÉÔòÉÔòÉÔòÉÔòÉÔòÉÔòÉÔòÉÔòØ

  4 failed
    [chromium] ÔÇ║ tests\quality.spec.ts:12:13 ÔÇ║ Quality Audit Tests ÔÇ║ SEO and Accessibility Audit - Certifica├º├úo 
    [chromium] ÔÇ║ tests\quality.spec.ts:54:13 ÔÇ║ Quality Audit Tests ÔÇ║ Functional Audit - Certifica├º├úo 
    [chromium] ÔÇ║ tests\quality.spec.ts:12:13 ÔÇ║ Quality Audit Tests ÔÇ║ SEO and Accessibility Audit - Site 
    [chromium] ÔÇ║ tests\quality.spec.ts:54:13 ÔÇ║ Quality Audit Tests ÔÇ║ Functional Audit - Site ÔöÇÔöÇÔöÇÔöÇÔöÇÔöÇÔöÇ
